&unique_atom_basisset
lmax_ob=2
lmax_ch=4
lmax_xc=0
lmax_pseudo=-1
zc=0
/
&unique_atom_basis
n_exponents=14
n_contracted_fcts=5
n_uncontracted_fcts=0
/
0.033706691021 0.091449828308 0.71772177325 1.7245228003 6.0653307408 10.44994371 14.83091301 65.732730112 127.25891928 191.0904399 587.55977067 2081.3505927 9147.8893982 60923.640643
0.0 0.0 0.0 0.0 0.0 0.0 0.0 0.29308335984 0.0 0.38253069946 0.18884995009 0.054332554248 0.010958790038 0.0014302254466
0.0 0.0 0.0 0.0 0.45472347323 0.0 0.64387631332 0.0 -0.10964564925 0.0 0.0 0.0 0.0 0.0
0.0 0.0 0.44985492922 0.72164398156 0.0 -0.22539639952 0.0 0.0 0.0 0.0 0.0 0.0 0.0 0.0
0.0 1.0 0.0 0.0 0.0 0.0 0.0 0.0 0.0 0.0 0.0 0.0 0.0 0.0
1.0 0.0 0.0 0.0 0.0 0.0 0.0 0.0 0.0 0.0 0.0 0.0 0.0 0.0
&unique_atom_basis
n_exponents=9
n_contracted_fcts=3
n_uncontracted_fcts=0
/
0.134915 0.56061284958 1.4924724132 3.871932799 7.634855789 20.614988935 57.547272758 182.15149714 773.43750995
0.0 0.0 0.0 0.0 0.34284148028 0.52700011047 0.26993651996 0.070029620575 0.0094325735144
0.0 0.23649365839 0.56842594005 0.33974402988 0.0 0.0 0.0 0.0 0.0
1.0 0.0 0.0 0.0 0.0 0.0 0.0 0.0 0.0
&unique_atom_basis
n_exponents=5
n_contracted_fcts=2
n_uncontracted_fcts=0
/
0.3652439317 1.2129967888 3.6136457999 10.800067078 38.968133419
0.0 0.47745100883 0.36905479496 0.14858319982 0.027879664382
0.31418142304 0.0 0.0 0.0 0.0
&unique_atom_basis
n_exponents=0
n_contracted_fcts=0
n_uncontracted_fcts=0
/
&unique_atom_basis
n_exponents=16
n_contracted_fcts=6
n_uncontracted_fcts=0
/
0.098974 0.183693 0.341923 0.641992 1.222744 2.3751 4.728977 9.696774 20.564393 45.278613 103.853491 248.866093 624.601709 1645.243644 4555.931941 13280.746866
0.0 0.0 0.0 0.0 0.0 0.0 2.29526551 -5.52028999 15.4918296 13.8443326 -5.27093265 12.599002 24.8296595 15.5768087 5.3913269 2.49415899
0.0 0.0 0.0 0.0 1.23245923 4.11618242 0.0 0.0 0.0 0.0 0.0 0.0 0.0 0.0 0.0 0.0
0.0 0.0 0.0 0.129227934 0.0 0.0 0.0 0.0 0.0 0.0 0.0 0.0 0.0 0.0 0.0 0.0
0.0 0.0 0.094835589 0.0 0.0 0.0 0.0 0.0 0.0 0.0 0.0 0.0 0.0 0.0 0.0 0.0
0.0 0.0760949668 0.0 0.0 0.0 0.0 0.0 0.0 0.0 0.0 0.0 0.0 0.0 0.0 0.0 0.0
0.0454696429 0.0 0.0 0.0 0.0 0.0 0.0 0.0 0.0 0.0 0.0 0.0 0.0 0.0 0.0 0.0
&unique_atom_basis
n_exponents=4
n_contracted_fcts=4
n_uncontracted_fcts=0
/
0.1949383711 0.4678520906 1.1542846781 3.080554949
0.0 0.0 0.0 1.0
0.0 0.0 1.0 0.0
0.0 1.0 0.0 0.0
1.0 0.0 0.0 0.0
&unique_atom_basis
n_exponents=4
n_contracted_fcts=2
n_uncontracted_fcts=0
/
0.69321 1.672439 4.063616 10.082702
0.0 0.0604215894 0.0838744473 0.0511317787
0.0151584936 0.0 0.0 0.0
&unique_atom_basis
n_exponents=3
n_contracted_fcts=3
n_uncontracted_fcts=0
/
0.7304878634 1.8262196585 4.7481711121
1.0 0.0 0.0
0.0 1.0 0.0
0.0 0.0 1.0
&unique_atom_basis
n_exponents=4
n_contracted_fcts=2
n_uncontracted_fcts=0
/
0.84558 2.26352 6.210359 18.283549
0.0 0.0795756592 0.142506502 0.0835378414
0.0188014423 0.0 0.0 0.0
&unique_atom_basis
n_exponents=0
n_contracted_fcts=0
n_uncontracted_fcts=0
/
&unique_atom_basis
n_exponents=0
n_contracted_fcts=0
n_uncontracted_fcts=0
/
